// Jest Snapshot v1, https://goo.gl/fbAQLP

exports[`matches the snapshot 1`] = `
<div
  className=""
>
  <div
    className="header-background"
  />
  <div
    className="App"
  >
    <div
      className="container"
    >
      <div
        className="nav"
      >
        <div
          className="header-title"
        >
          Tasks
        </div>
        <div
          className="icons"
        >
          <svg
            aria-hidden={true}
            className="MuiSvgIcon-root MuiSvgIcon-fontSizeMedium night-mode css-i4bv87-MuiSvgIcon-root"
            data-testid="Brightness4SharpIcon"
            focusable="false"
            onClick={[Function]}
            viewBox="0 0 24 24"
          >
            <path
              d="M20 8.69V4h-4.69L12 .69 8.69 4H4v4.69L.69 12 4 15.31V20h4.69L12 23.31 15.31 20H20v-4.69L23.31 12 20 8.69zM12 18c-.89 0-1.74-.2-2.5-.55C11.56 16.5 13 14.42 13 12s-1.44-4.5-3.5-5.45C10.26 6.2 11.11 6 12 6c3.31 0 6 2.69 6 6s-2.69 6-6 6z"
            />
          </svg>
          <a
            href="/addTask"
            onClick={[Function]}
          >
            <svg
              aria-hidden={true}
              className="MuiSvgIcon-root MuiSvgIcon-fontSizeMedium add-icon css-i4bv87-MuiSvgIcon-root"
              data-testid="AddIcon"
              focusable="false"
              viewBox="0 0 24 24"
            >
              <path
                d="M19 13h-6v6h-2v-6H5v-2h6V5h2v6h6v2z"
              />
            </svg>
          </a>
        </div>
      </div>
      <ul
        className="task-list"
      >
        <li
          className="task stack-small"
        >
          <div
            className="avatar"
          >
            <img
              alt="A"
              className="avatar-img"
              onError={[Function]}
              src=""
            />
          </div>
          <div
            className="task-td"
          >
            <div
              className="task-title"
            >
              Workout
            </div>
            <div
              className="task-description"
            >
              Weight lifting
            </div>
          </div>
          <div
            className="cb"
          >
            <input
              defaultChecked={false}
              id="todo-0"
              onChange={[Function]}
              type="checkbox"
            />
          </div>
        </li>
        <li
          className="task stack-small"
        >
          <div
            className="avatar"
          >
            <img
              alt="A"
              className="avatar-img"
              onError={[Function]}
              src=""
            />
          </div>
          <div
            className="task-td"
          >
            <div
              className="task-title"
            >
              Shopping
            </div>
            <div
              className="task-description"
            >
              Buy groceries
            </div>
          </div>
          <div
            className="cb"
          >
            <input
              defaultChecked={false}
              id="todo-0"
              onChange={[Function]}
              type="checkbox"
            />
          </div>
        </li>
        <li
          className="task stack-small"
        >
          <div
            className="avatar"
          >
            <img
              alt="A"
              className="avatar-img"
              onError={[Function]}
              src=""
            />
          </div>
          <div
            className="task-td"
          >
            <div
              className="task-title"
            >
              Study
            </div>
            <div
              className="task-description"
            >
              Codding challenges
            </div>
          </div>
          <div
            className="cb"
          >
            <input
              defaultChecked={false}
              id="todo-0"
              onChange={[Function]}
              type="checkbox"
            />
          </div>
        </li>
      </ul>
      <hr />
      <div
        className="stats-title"
      >
        Stats
      </div>
      <ul
        className="stats"
      >
        <li
          className="stat stack-small"
        >
          <div
            className="stat-value"
          >
            0
          </div>
          <div
            className="stat-description"
          >
            Total Tasks Closed
          </div>
        </li>
        <li
          className="stat stack-small"
        >
          <div
            className="stat-value"
          >
            3
          </div>
          <div
            className="stat-description"
          >
            Total Tasks Open
          </div>
        </li>
        <li
          className="stat stack-small"
        >
          <div
            className="stat-value"
          >
            0
            %
          </div>
          <div
            className="percentage-description"
          >
            Completion Rate
          </div>
        </li>
      </ul>
    </div>
  </div>
</div>
`;
